// Jest Snapshot v1, https://goo.gl/fbAQLP

exports[`Character component renders Character 1`] = `
<DocumentFragment>
  <a
    href="/detail/1"
  >
    <figure
      class="box"
    >
      <img
        alt="something"
        src="https://www.something.com/image/200/200"
      />
      <figcaption>
        something
      </figcaption>
    </figure>
  </a>
</DocumentFragment>
`;
