// Jest Snapshot v1, https://goo.gl/fbAQLP

exports[`Character component renders Character 1`] = `
<DocumentFragment>
  <figure>
    <img
      alt="something"
      src="https://www.something.com/image/200/200"
    />
    <figcaption>
      something
    </figcaption>
  </figure>
</DocumentFragment>
`;
